2025-09-29 18:53:10 [::1][-][dmgdi3rm4bb3shpvon2h92r7mh][error][yii\db\IntegrityException] PDOException: SQLSTATE[23000]: Integrity constraint violation: 1451 Cannot delete or update a parent row: a foreign key constraint fails (`freelance`.`cli_alta_baja`, CONSTRAINT `fk_cli_alta_baja_usuario1` FOREIGN KEY (`usu_id`) REFERENCES `usuario` (`usu_id`)) in C:\Users\mateo\Desktop\2025\Pruebas tecnicas Y TRABAJOS\FREELANCE\proyecto-freelance-main\proyecto-freelance-main\freelance\vendor\yiisoft\yii2\db\Command.php:1320
Stack trace:
#0 C:\Users\mateo\Desktop\2025\Pruebas tecnicas Y TRABAJOS\FREELANCE\proyecto-freelance-main\proyecto-freelance-main\freelance\vendor\yiisoft\yii2\db\Command.php(1320): PDOStatement->execute()
#1 C:\Users\mateo\Desktop\2025\Pruebas tecnicas Y TRABAJOS\FREELANCE\proyecto-freelance-main\proyecto-freelance-main\freelance\vendor\yiisoft\yii2\db\Command.php(1120): yii\db\Command->internalExecute('DELETE FROM `us...')
#2 C:\Users\mateo\Desktop\2025\Pruebas tecnicas Y TRABAJOS\FREELANCE\proyecto-freelance-main\proyecto-freelance-main\freelance\vendor\yiisoft\yii2\db\ActiveRecord.php(408): yii\db\Command->execute()
#3 C:\Users\mateo\Desktop\2025\Pruebas tecnicas Y TRABAJOS\FREELANCE\proyecto-freelance-main\proyecto-freelance-main\freelance\vendor\yiisoft\yii2\db\ActiveRecord.php(771): yii\db\ActiveRecord::deleteAll(Array)
#4 C:\Users\mateo\Desktop\2025\Pruebas tecnicas Y TRABAJOS\FREELANCE\proyecto-freelance-main\proyecto-freelance-main\freelance\vendor\yiisoft\yii2\db\ActiveRecord.php(730): yii\db\ActiveRecord->deleteInternal()
#5 C:\Users\mateo\Desktop\2025\Pruebas tecnicas Y TRABAJOS\FREELANCE\proyecto-freelance-main\proyecto-freelance-main\freelance\controllers\UsuarioController.php(168): yii\db\ActiveRecord->delete()
#6 [internal function]: app\controllers\UsuarioController->actionDelete('1')
#7 C:\Users\mateo\Desktop\2025\Pruebas tecnicas Y TRABAJOS\FREELANCE\proyecto-freelance-main\proyecto-freelance-main\freelance\vendor\yiisoft\yii2\base\InlineAction.php(60): call_user_func_array(Array, Array)
#8 C:\Users\mateo\Desktop\2025\Pruebas tecnicas Y TRABAJOS\FREELANCE\proyecto-freelance-main\proyecto-freelance-main\freelance\vendor\yiisoft\yii2\base\Controller.php(184): yii\base\InlineAction->runWithParams(Array)
#9 C:\Users\mateo\Desktop\2025\Pruebas tecnicas Y TRABAJOS\FREELANCE\proyecto-freelance-main\proyecto-freelance-main\freelance\vendor\yiisoft\yii2\base\Module.php(555): yii\base\Controller->runAction('delete', Array)
#10 C:\Users\mateo\Desktop\2025\Pruebas tecnicas Y TRABAJOS\FREELANCE\proyecto-freelance-main\proyecto-freelance-main\freelance\vendor\yiisoft\yii2\web\Application.php(103): yii\base\Module->runAction('usuario/delete', Array)
#11 C:\Users\mateo\Desktop\2025\Pruebas tecnicas Y TRABAJOS\FREELANCE\proyecto-freelance-main\proyecto-freelance-main\freelance\vendor\yiisoft\yii2\base\Application.php(387): yii\web\Application->handleRequest(Object(yii\web\Request))
#12 C:\Users\mateo\Desktop\2025\Pruebas tecnicas Y TRABAJOS\FREELANCE\proyecto-freelance-main\proyecto-freelance-main\freelance\web\index.php(12): yii\base\Application->run()
#13 {main}

Next yii\db\IntegrityException: SQLSTATE[23000]: Integrity constraint violation: 1451 Cannot delete or update a parent row: a foreign key constraint fails (`freelance`.`cli_alta_baja`, CONSTRAINT `fk_cli_alta_baja_usuario1` FOREIGN KEY (`usu_id`) REFERENCES `usuario` (`usu_id`))
The SQL being executed was: DELETE FROM `usuario` WHERE `usu_id`=1 in C:\Users\mateo\Desktop\2025\Pruebas tecnicas Y TRABAJOS\FREELANCE\proyecto-freelance-main\proyecto-freelance-main\freelance\vendor\yiisoft\yii2\db\Schema.php:676
Stack trace:
#0 C:\Users\mateo\Desktop\2025\Pruebas tecnicas Y TRABAJOS\FREELANCE\proyecto-freelance-main\proyecto-freelance-main\freelance\vendor\yiisoft\yii2\db\Command.php(1325): yii\db\Schema->convertException(Object(PDOException), 'DELETE FROM `us...')
#1 C:\Users\mateo\Desktop\2025\Pruebas tecnicas Y TRABAJOS\FREELANCE\proyecto-freelance-main\proyecto-freelance-main\freelance\vendor\yiisoft\yii2\db\Command.php(1120): yii\db\Command->internalExecute('DELETE FROM `us...')
#2 C:\Users\mateo\Desktop\2025\Pruebas tecnicas Y TRABAJOS\FREELANCE\proyecto-freelance-main\proyecto-freelance-main\freelance\vendor\yiisoft\yii2\db\ActiveRecord.php(408): yii\db\Command->execute()
#3 C:\Users\mateo\Desktop\2025\Pruebas tecnicas Y TRABAJOS\FREELANCE\proyecto-freelance-main\proyecto-freelance-main\freelance\vendor\yiisoft\yii2\db\ActiveRecord.php(771): yii\db\ActiveRecord::deleteAll(Array)
#4 C:\Users\mateo\Desktop\2025\Pruebas tecnicas Y TRABAJOS\FREELANCE\proyecto-freelance-main\proyecto-freelance-main\freelance\vendor\yiisoft\yii2\db\ActiveRecord.php(730): yii\db\ActiveRecord->deleteInternal()
#5 C:\Users\mateo\Desktop\2025\Pruebas tecnicas Y TRABAJOS\FREELANCE\proyecto-freelance-main\proyecto-freelance-main\freelance\controllers\UsuarioController.php(168): yii\db\ActiveRecord->delete()
#6 [internal function]: app\controllers\UsuarioController->actionDelete('1')
#7 C:\Users\mateo\Desktop\2025\Pruebas tecnicas Y TRABAJOS\FREELANCE\proyecto-freelance-main\proyecto-freelance-main\freelance\vendor\yiisoft\yii2\base\InlineAction.php(60): call_user_func_array(Array, Array)
#8 C:\Users\mateo\Desktop\2025\Pruebas tecnicas Y TRABAJOS\FREELANCE\proyecto-freelance-main\proyecto-freelance-main\freelance\vendor\yiisoft\yii2\base\Controller.php(184): yii\base\InlineAction->runWithParams(Array)
#9 C:\Users\mateo\Desktop\2025\Pruebas tecnicas Y TRABAJOS\FREELANCE\proyecto-freelance-main\proyecto-freelance-main\freelance\vendor\yiisoft\yii2\base\Module.php(555): yii\base\Controller->runAction('delete', Array)
#10 C:\Users\mateo\Desktop\2025\Pruebas tecnicas Y TRABAJOS\FREELANCE\proyecto-freelance-main\proyecto-freelance-main\freelance\vendor\yiisoft\yii2\web\Application.php(103): yii\base\Module->runAction('usuario/delete', Array)
#11 C:\Users\mateo\Desktop\2025\Pruebas tecnicas Y TRABAJOS\FREELANCE\proyecto-freelance-main\proyecto-freelance-main\freelance\vendor\yiisoft\yii2\base\Application.php(387): yii\web\Application->handleRequest(Object(yii\web\Request))
#12 C:\Users\mateo\Desktop\2025\Pruebas tecnicas Y TRABAJOS\FREELANCE\proyecto-freelance-main\proyecto-freelance-main\freelance\web\index.php(12): yii\base\Application->run()
#13 {main}
Additional Information:
Array
(
    [0] => 23000
    [1] => 1451
    [2] => Cannot delete or update a parent row: a foreign key constraint fails (`freelance`.`cli_alta_baja`, CONSTRAINT `fk_cli_alta_baja_usuario1` FOREIGN KEY (`usu_id`) REFERENCES `usuario` (`usu_id`))
)

2025-09-29 18:53:10 [::1][-][dmgdi3rm4bb3shpvon2h92r7mh][info][application] $_GET = [
    'r' => 'usuario/delete'
    'usu_id' => '1'
]

$_POST = [
    '_csrf' => 'kDJs7JMOIxtpogJlA4FLODGsxeIQ3UVRlr4QbI8Nym3Ffi7b6UUVSyrjZSBz5zl_aMb2tH-nECbV4XJV-kuJNA=='
]

$_FILES = []

$_COOKIE = [
    'PHPSESSID' => 'dmgdi3rm4bb3shpvon2h92r7mh'
    '_csrf' => '0eeafc00caa1f158a963c778d60b23093393efd6bc0fb3eaa01bb3aa61556749a:2:{i:0;s:5:\"_csrf\";i:1;s:32:\"ULB7zK6PCAgEpfrGYj3VozUwC_b9uFCY\";}'
]

$_SESSION = [
    '__flash' => []
]

$_SERVER = [
    'DOCUMENT_ROOT' => 'C:\\Users\\mateo\\Desktop\\2025\\Pruebas tecnicas Y TRABAJOS\\FREELANCE\\proyecto-freelance-main\\proyecto-freelance-main\\freelance\\web'
    'REMOTE_ADDR' => '::1'
    'REMOTE_PORT' => '64030'
    'SERVER_SOFTWARE' => 'PHP 8.2.12 Development Server'
    'SERVER_PROTOCOL' => 'HTTP/1.1'
    'SERVER_NAME' => 'localhost'
    'SERVER_PORT' => '8080'
    'REQUEST_URI' => '/index.php?r=usuario%2Fdelete&usu_id=1'
    'REQUEST_METHOD' => 'POST'
    'SCRIPT_NAME' => '/index.php'
    'SCRIPT_FILENAME' => 'C:\\Users\\mateo\\Desktop\\2025\\Pruebas tecnicas Y TRABAJOS\\FREELANCE\\proyecto-freelance-main\\proyecto-freelance-main\\freelance\\web\\index.php'
    'PHP_SELF' => '/index.php'
    'QUERY_STRING' => 'r=usuario%2Fdelete&usu_id=1'
    'HTTP_HOST' => 'localhost:8080'
    'HTTP_CONNECTION' => 'keep-alive'
    'CONTENT_LENGTH' => '224'
    'HTTP_CONTENT_LENGTH' => '224'
    'HTTP_X_PJAX_CONTAINER' => '#usuarios-pjax'
    'HTTP_X_PJAX' => 'true'
    'HTTP_X_CSRF_TOKEN' => 'kDJs7JMOIxtpogJlA4FLODGsxeIQ3UVRlr4QbI8Nym3Ffi7b6UUVSyrjZSBz5zl_aMb2tH-nECbV4XJV-kuJNA=='
    'HTTP_SEC_CH_UA_PLATFORM' => '\"Windows\"'
    'HTTP_SEC_CH_UA' => '\"Chromium\";v=\"140\", \"Not=A?Brand\";v=\"24\", \"Brave\";v=\"140\"'
    'HTTP_SEC_CH_UA_MOBILE' => '?0'
    'HTTP_X_REQUESTED_WITH' => 'XMLHttpRequest'
    'HTTP_USER_AGENT' => 'Mozilla/5.0 (Windows NT 10.0; Win64; x64) AppleWebKit/537.36 (KHTML, like Gecko) Chrome/140.0.0.0 Safari/537.36'
    'HTTP_ACCEPT' => 'text/html, */*; q=0.01'
    'CONTENT_TYPE' => 'multipart/form-data; boundary=----WebKitFormBoundaryzIyMOP2Yel3GQC9R'
    'HTTP_CONTENT_TYPE' => 'multipart/form-data; boundary=----WebKitFormBoundaryzIyMOP2Yel3GQC9R'
    'HTTP_SEC_GPC' => '1'
    'HTTP_ACCEPT_LANGUAGE' => 'es-ES,es;q=0.9'
    'HTTP_ORIGIN' => 'http://localhost:8080'
    'HTTP_SEC_FETCH_SITE' => 'same-origin'
    'HTTP_SEC_FETCH_MODE' => 'cors'
    'HTTP_SEC_FETCH_DEST' => 'empty'
    'HTTP_REFERER' => 'http://localhost:8080/index.php?r=usuario%2Findex'
    'HTTP_ACCEPT_ENCODING' => 'gzip, deflate, br, zstd'
    'HTTP_COOKIE' => 'PHPSESSID=dmgdi3rm4bb3shpvon2h92r7mh; _csrf=0eeafc00caa1f158a963c778d60b23093393efd6bc0fb3eaa01bb3aa61556749a%3A2%3A%7Bi%3A0%3Bs%3A5%3A%22_csrf%22%3Bi%3A1%3Bs%3A32%3A%22ULB7zK6PCAgEpfrGYj3VozUwC_b9uFCY%22%3B%7D'
    'REQUEST_TIME_FLOAT' => 1759164790.7491
    'REQUEST_TIME' => 1759164790
]
2025-09-29 18:53:15 [::1][-][dmgdi3rm4bb3shpvon2h92r7mh][error][yii\db\IntegrityException] PDOException: SQLSTATE[23000]: Integrity constraint violation: 1451 Cannot delete or update a parent row: a foreign key constraint fails (`freelance`.`cli_alta_baja`, CONSTRAINT `fk_cli_alta_baja_usuario1` FOREIGN KEY (`usu_id`) REFERENCES `usuario` (`usu_id`)) in C:\Users\mateo\Desktop\2025\Pruebas tecnicas Y TRABAJOS\FREELANCE\proyecto-freelance-main\proyecto-freelance-main\freelance\vendor\yiisoft\yii2\db\Command.php:1320
Stack trace:
#0 C:\Users\mateo\Desktop\2025\Pruebas tecnicas Y TRABAJOS\FREELANCE\proyecto-freelance-main\proyecto-freelance-main\freelance\vendor\yiisoft\yii2\db\Command.php(1320): PDOStatement->execute()
#1 C:\Users\mateo\Desktop\2025\Pruebas tecnicas Y TRABAJOS\FREELANCE\proyecto-freelance-main\proyecto-freelance-main\freelance\vendor\yiisoft\yii2\db\Command.php(1120): yii\db\Command->internalExecute('DELETE FROM `us...')
#2 C:\Users\mateo\Desktop\2025\Pruebas tecnicas Y TRABAJOS\FREELANCE\proyecto-freelance-main\proyecto-freelance-main\freelance\vendor\yiisoft\yii2\db\ActiveRecord.php(408): yii\db\Command->execute()
#3 C:\Users\mateo\Desktop\2025\Pruebas tecnicas Y TRABAJOS\FREELANCE\proyecto-freelance-main\proyecto-freelance-main\freelance\vendor\yiisoft\yii2\db\ActiveRecord.php(771): yii\db\ActiveRecord::deleteAll(Array)
#4 C:\Users\mateo\Desktop\2025\Pruebas tecnicas Y TRABAJOS\FREELANCE\proyecto-freelance-main\proyecto-freelance-main\freelance\vendor\yiisoft\yii2\db\ActiveRecord.php(730): yii\db\ActiveRecord->deleteInternal()
#5 C:\Users\mateo\Desktop\2025\Pruebas tecnicas Y TRABAJOS\FREELANCE\proyecto-freelance-main\proyecto-freelance-main\freelance\controllers\UsuarioController.php(168): yii\db\ActiveRecord->delete()
#6 [internal function]: app\controllers\UsuarioController->actionDelete('1')
#7 C:\Users\mateo\Desktop\2025\Pruebas tecnicas Y TRABAJOS\FREELANCE\proyecto-freelance-main\proyecto-freelance-main\freelance\vendor\yiisoft\yii2\base\InlineAction.php(60): call_user_func_array(Array, Array)
#8 C:\Users\mateo\Desktop\2025\Pruebas tecnicas Y TRABAJOS\FREELANCE\proyecto-freelance-main\proyecto-freelance-main\freelance\vendor\yiisoft\yii2\base\Controller.php(184): yii\base\InlineAction->runWithParams(Array)
#9 C:\Users\mateo\Desktop\2025\Pruebas tecnicas Y TRABAJOS\FREELANCE\proyecto-freelance-main\proyecto-freelance-main\freelance\vendor\yiisoft\yii2\base\Module.php(555): yii\base\Controller->runAction('delete', Array)
#10 C:\Users\mateo\Desktop\2025\Pruebas tecnicas Y TRABAJOS\FREELANCE\proyecto-freelance-main\proyecto-freelance-main\freelance\vendor\yiisoft\yii2\web\Application.php(103): yii\base\Module->runAction('usuario/delete', Array)
#11 C:\Users\mateo\Desktop\2025\Pruebas tecnicas Y TRABAJOS\FREELANCE\proyecto-freelance-main\proyecto-freelance-main\freelance\vendor\yiisoft\yii2\base\Application.php(387): yii\web\Application->handleRequest(Object(yii\web\Request))
#12 C:\Users\mateo\Desktop\2025\Pruebas tecnicas Y TRABAJOS\FREELANCE\proyecto-freelance-main\proyecto-freelance-main\freelance\web\index.php(12): yii\base\Application->run()
#13 {main}

Next yii\db\IntegrityException: SQLSTATE[23000]: Integrity constraint violation: 1451 Cannot delete or update a parent row: a foreign key constraint fails (`freelance`.`cli_alta_baja`, CONSTRAINT `fk_cli_alta_baja_usuario1` FOREIGN KEY (`usu_id`) REFERENCES `usuario` (`usu_id`))
The SQL being executed was: DELETE FROM `usuario` WHERE `usu_id`=1 in C:\Users\mateo\Desktop\2025\Pruebas tecnicas Y TRABAJOS\FREELANCE\proyecto-freelance-main\proyecto-freelance-main\freelance\vendor\yiisoft\yii2\db\Schema.php:676
Stack trace:
#0 C:\Users\mateo\Desktop\2025\Pruebas tecnicas Y TRABAJOS\FREELANCE\proyecto-freelance-main\proyecto-freelance-main\freelance\vendor\yiisoft\yii2\db\Command.php(1325): yii\db\Schema->convertException(Object(PDOException), 'DELETE FROM `us...')
#1 C:\Users\mateo\Desktop\2025\Pruebas tecnicas Y TRABAJOS\FREELANCE\proyecto-freelance-main\proyecto-freelance-main\freelance\vendor\yiisoft\yii2\db\Command.php(1120): yii\db\Command->internalExecute('DELETE FROM `us...')
#2 C:\Users\mateo\Desktop\2025\Pruebas tecnicas Y TRABAJOS\FREELANCE\proyecto-freelance-main\proyecto-freelance-main\freelance\vendor\yiisoft\yii2\db\ActiveRecord.php(408): yii\db\Command->execute()
#3 C:\Users\mateo\Desktop\2025\Pruebas tecnicas Y TRABAJOS\FREELANCE\proyecto-freelance-main\proyecto-freelance-main\freelance\vendor\yiisoft\yii2\db\ActiveRecord.php(771): yii\db\ActiveRecord::deleteAll(Array)
#4 C:\Users\mateo\Desktop\2025\Pruebas tecnicas Y TRABAJOS\FREELANCE\proyecto-freelance-main\proyecto-freelance-main\freelance\vendor\yiisoft\yii2\db\ActiveRecord.php(730): yii\db\ActiveRecord->deleteInternal()
#5 C:\Users\mateo\Desktop\2025\Pruebas tecnicas Y TRABAJOS\FREELANCE\proyecto-freelance-main\proyecto-freelance-main\freelance\controllers\UsuarioController.php(168): yii\db\ActiveRecord->delete()
#6 [internal function]: app\controllers\UsuarioController->actionDelete('1')
#7 C:\Users\mateo\Desktop\2025\Pruebas tecnicas Y TRABAJOS\FREELANCE\proyecto-freelance-main\proyecto-freelance-main\freelance\vendor\yiisoft\yii2\base\InlineAction.php(60): call_user_func_array(Array, Array)
#8 C:\Users\mateo\Desktop\2025\Pruebas tecnicas Y TRABAJOS\FREELANCE\proyecto-freelance-main\proyecto-freelance-main\freelance\vendor\yiisoft\yii2\base\Controller.php(184): yii\base\InlineAction->runWithParams(Array)
#9 C:\Users\mateo\Desktop\2025\Pruebas tecnicas Y TRABAJOS\FREELANCE\proyecto-freelance-main\proyecto-freelance-main\freelance\vendor\yiisoft\yii2\base\Module.php(555): yii\base\Controller->runAction('delete', Array)
#10 C:\Users\mateo\Desktop\2025\Pruebas tecnicas Y TRABAJOS\FREELANCE\proyecto-freelance-main\proyecto-freelance-main\freelance\vendor\yiisoft\yii2\web\Application.php(103): yii\base\Module->runAction('usuario/delete', Array)
#11 C:\Users\mateo\Desktop\2025\Pruebas tecnicas Y TRABAJOS\FREELANCE\proyecto-freelance-main\proyecto-freelance-main\freelance\vendor\yiisoft\yii2\base\Application.php(387): yii\web\Application->handleRequest(Object(yii\web\Request))
#12 C:\Users\mateo\Desktop\2025\Pruebas tecnicas Y TRABAJOS\FREELANCE\proyecto-freelance-main\proyecto-freelance-main\freelance\web\index.php(12): yii\base\Application->run()
#13 {main}
Additional Information:
Array
(
    [0] => 23000
    [1] => 1451
    [2] => Cannot delete or update a parent row: a foreign key constraint fails (`freelance`.`cli_alta_baja`, CONSTRAINT `fk_cli_alta_baja_usuario1` FOREIGN KEY (`usu_id`) REFERENCES `usuario` (`usu_id`))
)

2025-09-29 18:53:15 [::1][-][dmgdi3rm4bb3shpvon2h92r7mh][info][application] $_GET = [
    'r' => 'usuario/delete'
    'usu_id' => '1'
]

$_POST = [
    '_csrf' => 'kDJs7JMOIxtpogJlA4FLODGsxeIQ3UVRlr4QbI8Nym3Ffi7b6UUVSyrjZSBz5zl_aMb2tH-nECbV4XJV-kuJNA=='
]

$_FILES = []

$_COOKIE = [
    'PHPSESSID' => 'dmgdi3rm4bb3shpvon2h92r7mh'
    '_csrf' => '0eeafc00caa1f158a963c778d60b23093393efd6bc0fb3eaa01bb3aa61556749a:2:{i:0;s:5:\"_csrf\";i:1;s:32:\"ULB7zK6PCAgEpfrGYj3VozUwC_b9uFCY\";}'
]

$_SESSION = [
    '__flash' => []
]

$_SERVER = [
    'DOCUMENT_ROOT' => 'C:\\Users\\mateo\\Desktop\\2025\\Pruebas tecnicas Y TRABAJOS\\FREELANCE\\proyecto-freelance-main\\proyecto-freelance-main\\freelance\\web'
    'REMOTE_ADDR' => '::1'
    'REMOTE_PORT' => '64034'
    'SERVER_SOFTWARE' => 'PHP 8.2.12 Development Server'
    'SERVER_PROTOCOL' => 'HTTP/1.1'
    'SERVER_NAME' => 'localhost'
    'SERVER_PORT' => '8080'
    'REQUEST_URI' => '/index.php?r=usuario%2Fdelete&usu_id=1'
    'REQUEST_METHOD' => 'POST'
    'SCRIPT_NAME' => '/index.php'
    'SCRIPT_FILENAME' => 'C:\\Users\\mateo\\Desktop\\2025\\Pruebas tecnicas Y TRABAJOS\\FREELANCE\\proyecto-freelance-main\\proyecto-freelance-main\\freelance\\web\\index.php'
    'PHP_SELF' => '/index.php'
    'QUERY_STRING' => 'r=usuario%2Fdelete&usu_id=1'
    'HTTP_HOST' => 'localhost:8080'
    'HTTP_CONNECTION' => 'keep-alive'
    'CONTENT_LENGTH' => '224'
    'HTTP_CONTENT_LENGTH' => '224'
    'HTTP_X_PJAX_CONTAINER' => '#usuarios-pjax'
    'HTTP_X_PJAX' => 'true'
    'HTTP_X_CSRF_TOKEN' => 'kDJs7JMOIxtpogJlA4FLODGsxeIQ3UVRlr4QbI8Nym3Ffi7b6UUVSyrjZSBz5zl_aMb2tH-nECbV4XJV-kuJNA=='
    'HTTP_SEC_CH_UA_PLATFORM' => '\"Windows\"'
    'HTTP_SEC_CH_UA' => '\"Chromium\";v=\"140\", \"Not=A?Brand\";v=\"24\", \"Brave\";v=\"140\"'
    'HTTP_SEC_CH_UA_MOBILE' => '?0'
    'HTTP_X_REQUESTED_WITH' => 'XMLHttpRequest'
    'HTTP_USER_AGENT' => 'Mozilla/5.0 (Windows NT 10.0; Win64; x64) AppleWebKit/537.36 (KHTML, like Gecko) Chrome/140.0.0.0 Safari/537.36'
    'HTTP_ACCEPT' => 'text/html, */*; q=0.01'
    'CONTENT_TYPE' => 'multipart/form-data; boundary=----WebKitFormBoundaryoeou7XpxmavB8zuA'
    'HTTP_CONTENT_TYPE' => 'multipart/form-data; boundary=----WebKitFormBoundaryoeou7XpxmavB8zuA'
    'HTTP_SEC_GPC' => '1'
    'HTTP_ACCEPT_LANGUAGE' => 'es-ES,es;q=0.9'
    'HTTP_ORIGIN' => 'http://localhost:8080'
    'HTTP_SEC_FETCH_SITE' => 'same-origin'
    'HTTP_SEC_FETCH_MODE' => 'cors'
    'HTTP_SEC_FETCH_DEST' => 'empty'
    'HTTP_REFERER' => 'http://localhost:8080/index.php?r=usuario%2Findex'
    'HTTP_ACCEPT_ENCODING' => 'gzip, deflate, br, zstd'
    'HTTP_COOKIE' => 'PHPSESSID=dmgdi3rm4bb3shpvon2h92r7mh; _csrf=0eeafc00caa1f158a963c778d60b23093393efd6bc0fb3eaa01bb3aa61556749a%3A2%3A%7Bi%3A0%3Bs%3A5%3A%22_csrf%22%3Bi%3A1%3Bs%3A32%3A%22ULB7zK6PCAgEpfrGYj3VozUwC_b9uFCY%22%3B%7D'
    'REQUEST_TIME_FLOAT' => 1759164795.3981
    'REQUEST_TIME' => 1759164795
]
